2026-03-06 20:28:23 - serhu_api.app - INFO - 📝 Creating FastAPI application...
2026-03-06 20:28:23 - serhu_api.app - INFO - 📌 Registering routes...
2026-03-06 20:28:23 - serhu_api.app - INFO - 🔓 CORS origins: ['http://localhost:3000']
2026-03-06 20:28:23 - serhu_api.app - INFO - ✓ FastAPI application created successfully
2026-03-06 20:28:23 - serhu_api.dependencies - INFO - 🧹 Clearing orchestrator cache (0 entries)
2026-03-06 20:28:23 - serhu_api.dependencies - INFO - ✓ Cache cleared
2026-03-06 20:28:23 - serhu_api.app - INFO - 📝 Creating FastAPI application...
2026-03-06 20:28:23 - serhu_api.app - INFO - 📌 Registering routes...
2026-03-06 20:28:23 - serhu_api.app - INFO - 🔓 CORS origins: ['http://localhost:3000']
2026-03-06 20:28:23 - serhu_api.app - INFO - ✓ FastAPI application created successfully
2026-03-06 20:28:23 - serhu_api.app - INFO - 🚀 SerHu API starting up...
2026-03-06 20:28:23 - serhu_api.app - INFO - 🛑 SerHu API shutting down...
2026-03-06 20:28:23 - serhu_api.dependencies - INFO - 🧹 Clearing orchestrator cache (0 entries)
2026-03-06 20:28:23 - serhu_api.dependencies - INFO - ✓ Cache cleared
2026-03-06 20:28:23 - serhu_api.app - INFO - ✓ Cache cleared
2026-03-06 20:28:23 - serhu_api.dependencies - INFO - 🧹 Clearing orchestrator cache (0 entries)
2026-03-06 20:28:23 - serhu_api.dependencies - INFO - ✓ Cache cleared
2026-03-06 20:28:23 - serhu_api.dependencies - INFO - 🧹 Clearing orchestrator cache (0 entries)
2026-03-06 20:28:23 - serhu_api.dependencies - INFO - ✓ Cache cleared
2026-03-06 20:28:23 - serhu_api.app - INFO - 📝 Creating FastAPI application...
2026-03-06 20:28:23 - serhu_api.app - INFO - 📌 Registering routes...
2026-03-06 20:28:23 - serhu_api.app - INFO - 🔓 CORS origins: ['http://localhost:3000']
2026-03-06 20:28:23 - serhu_api.app - INFO - ✓ FastAPI application created successfully
2026-03-06 20:28:23 - serhu_api.app - INFO - 🚀 SerHu API starting up...
2026-03-06 20:28:23 - serhu_api.routes.beings - INFO - 📍 [POST /beings] Creating Being: name=Luna, language=pt
2026-03-06 20:28:23 - serhu_api.dependencies - INFO - 🆕 Creating new Being: name='Luna', language='pt'
2026-03-06 20:28:23 - serhu_orchestrator.personality.personality_engine - INFO - ✨ create_being: tabula rasa ~ id=44bab29630134d6ba00419f69f59d294, name='Luna', lang=pt
2026-03-06 20:28:23 - serhu_orchestrator.personality.personality_engine - INFO -   → Personality persisted to relational memory
2026-03-06 20:28:23 - serhu_api.dependencies - INFO - ✓ Being created successfully: being_id=44bab29630134d6ba00419f69f59d294
2026-03-06 20:28:23 - serhu_api.routes.beings - INFO - ✓ Being created: being_id=44bab29630134d6ba00419f69f59d294
2026-03-06 20:28:23 - serhu_api.app - INFO - 🛑 SerHu API shutting down...
2026-03-06 20:28:23 - serhu_api.dependencies - INFO - 🧹 Clearing orchestrator cache (1 entries)
2026-03-06 20:28:23 - serhu_api.dependencies - INFO - ✓ Cache cleared
2026-03-06 20:28:23 - serhu_api.app - INFO - ✓ Cache cleared
2026-03-06 20:28:23 - serhu_api.dependencies - INFO - 🧹 Clearing orchestrator cache (0 entries)
2026-03-06 20:28:23 - serhu_api.dependencies - INFO - ✓ Cache cleared
2026-03-06 20:28:23 - serhu_api.dependencies - INFO - 🧹 Clearing orchestrator cache (0 entries)
2026-03-06 20:28:23 - serhu_api.dependencies - INFO - ✓ Cache cleared
2026-03-06 20:28:23 - serhu_api.app - INFO - 📝 Creating FastAPI application...
2026-03-06 20:28:23 - serhu_api.app - INFO - 📌 Registering routes...
2026-03-06 20:28:23 - serhu_api.app - INFO - 🔓 CORS origins: ['http://localhost:3000']
2026-03-06 20:28:23 - serhu_api.app - INFO - ✓ FastAPI application created successfully
2026-03-06 20:28:23 - serhu_api.app - INFO - 🚀 SerHu API starting up...
2026-03-06 20:28:23 - serhu_api.routes.beings - INFO - 📍 [POST /beings] Creating Being: name=DefaultBeing, language=en
2026-03-06 20:28:23 - serhu_api.dependencies - INFO - 🆕 Creating new Being: name='DefaultBeing', language='en'
2026-03-06 20:28:23 - serhu_orchestrator.personality.personality_engine - INFO - ✨ create_being: tabula rasa ~ id=29bc03cecb7642458bc19a0d8331a683, name='DefaultBeing', lang=en
2026-03-06 20:28:23 - serhu_orchestrator.personality.personality_engine - INFO -   → Personality persisted to relational memory
2026-03-06 20:28:23 - serhu_api.dependencies - INFO - ✓ Being created successfully: being_id=29bc03cecb7642458bc19a0d8331a683
2026-03-06 20:28:23 - serhu_api.routes.beings - INFO - ✓ Being created: being_id=29bc03cecb7642458bc19a0d8331a683
2026-03-06 20:28:23 - serhu_api.app - INFO - 🛑 SerHu API shutting down...
2026-03-06 20:28:23 - serhu_api.dependencies - INFO - 🧹 Clearing orchestrator cache (1 entries)
2026-03-06 20:28:23 - serhu_api.dependencies - INFO - ✓ Cache cleared
2026-03-06 20:28:23 - serhu_api.app - INFO - ✓ Cache cleared
2026-03-06 20:28:23 - serhu_api.dependencies - INFO - 🧹 Clearing orchestrator cache (0 entries)
2026-03-06 20:28:23 - serhu_api.dependencies - INFO - ✓ Cache cleared
2026-03-06 20:28:23 - serhu_api.dependencies - INFO - 🧹 Clearing orchestrator cache (0 entries)
2026-03-06 20:28:23 - serhu_api.dependencies - INFO - ✓ Cache cleared
2026-03-06 20:28:23 - serhu_api.app - INFO - 📝 Creating FastAPI application...
2026-03-06 20:28:23 - serhu_api.app - INFO - 📌 Registering routes...
2026-03-06 20:28:23 - serhu_api.app - INFO - 🔓 CORS origins: ['http://localhost:3000']
2026-03-06 20:28:23 - serhu_api.app - INFO - ✓ FastAPI application created successfully
2026-03-06 20:28:23 - serhu_api.app - INFO - 🚀 SerHu API starting up...
2026-03-06 20:28:23 - serhu_api.routes.beings - INFO - 📍 [POST /beings] Creating Being: name=Soleil, language=fr
2026-03-06 20:28:23 - serhu_api.dependencies - INFO - 🆕 Creating new Being: name='Soleil', language='fr'
2026-03-06 20:28:23 - serhu_orchestrator.personality.personality_engine - INFO - ✨ create_being: tabula rasa ~ id=1c5b95f8eca14772995f9600d20b9677, name='Soleil', lang=fr
2026-03-06 20:28:23 - serhu_orchestrator.personality.personality_engine - INFO -   → Personality persisted to relational memory
2026-03-06 20:28:23 - serhu_api.dependencies - INFO - ✓ Being created successfully: being_id=1c5b95f8eca14772995f9600d20b9677
2026-03-06 20:28:23 - serhu_api.routes.beings - INFO - ✓ Being created: being_id=1c5b95f8eca14772995f9600d20b9677
2026-03-06 20:28:23 - serhu_api.app - INFO - 🛑 SerHu API shutting down...
2026-03-06 20:28:23 - serhu_api.dependencies - INFO - 🧹 Clearing orchestrator cache (1 entries)
2026-03-06 20:28:23 - serhu_api.dependencies - INFO - ✓ Cache cleared
2026-03-06 20:28:23 - serhu_api.app - INFO - ✓ Cache cleared
2026-03-06 20:28:23 - serhu_api.dependencies - INFO - 🧹 Clearing orchestrator cache (0 entries)
2026-03-06 20:28:23 - serhu_api.dependencies - INFO - ✓ Cache cleared
2026-03-06 20:28:23 - serhu_api.dependencies - INFO - 🧹 Clearing orchestrator cache (0 entries)
2026-03-06 20:28:23 - serhu_api.dependencies - INFO - ✓ Cache cleared
2026-03-06 20:28:23 - serhu_api.app - INFO - 📝 Creating FastAPI application...
2026-03-06 20:28:23 - serhu_api.app - INFO - 📌 Registering routes...
2026-03-06 20:28:23 - serhu_api.app - INFO - 🔓 CORS origins: ['http://localhost:3000']
2026-03-06 20:28:23 - serhu_api.app - INFO - ✓ FastAPI application created successfully
2026-03-06 20:28:23 - serhu_api.app - INFO - 🚀 SerHu API starting up...
2026-03-06 20:28:23 - serhu_api.routes.beings - INFO - 📍 [POST /beings] Creating Being: name=Luna, language=en
2026-03-06 20:28:23 - serhu_api.dependencies - INFO - 🆕 Creating new Being: name='Luna', language='en'
2026-03-06 20:28:23 - serhu_orchestrator.personality.personality_engine - INFO - ✨ create_being: tabula rasa ~ id=84a6e42b767045578accb95920af538f, name='Luna', lang=en
2026-03-06 20:28:23 - serhu_orchestrator.personality.personality_engine - INFO -   → Personality persisted to relational memory
2026-03-06 20:28:23 - serhu_api.dependencies - INFO - ✓ Being created successfully: being_id=84a6e42b767045578accb95920af538f
2026-03-06 20:28:23 - serhu_api.routes.beings - INFO - ✓ Being created: being_id=84a6e42b767045578accb95920af538f
2026-03-06 20:28:23 - serhu_api.dependencies - INFO - ♻️  Using cached Orchestrator for being_id=84a6e42b767045578accb95920af538f
2026-03-06 20:28:23 - serhu_api.app - INFO - 🛑 SerHu API shutting down...
2026-03-06 20:28:23 - serhu_api.dependencies - INFO - 🧹 Clearing orchestrator cache (1 entries)
2026-03-06 20:28:23 - serhu_api.dependencies - INFO - ✓ Cache cleared
2026-03-06 20:28:23 - serhu_api.app - INFO - ✓ Cache cleared
2026-03-06 20:28:23 - serhu_api.dependencies - INFO - 🧹 Clearing orchestrator cache (0 entries)
2026-03-06 20:28:23 - serhu_api.dependencies - INFO - ✓ Cache cleared
2026-03-06 20:28:23 - serhu_api.dependencies - INFO - 🧹 Clearing orchestrator cache (0 entries)
2026-03-06 20:28:23 - serhu_api.dependencies - INFO - ✓ Cache cleared
2026-03-06 20:28:23 - serhu_api.app - INFO - 📝 Creating FastAPI application...
2026-03-06 20:28:23 - serhu_api.app - INFO - 📌 Registering routes...
2026-03-06 20:28:23 - serhu_api.app - INFO - 🔓 CORS origins: ['http://localhost:3000']
2026-03-06 20:28:23 - serhu_api.app - INFO - ✓ FastAPI application created successfully
2026-03-06 20:28:23 - serhu_api.app - INFO - 🚀 SerHu API starting up...
2026-03-06 20:28:23 - serhu_api.dependencies - INFO - 📂 Loading Being from database: being_id=nonexistent-id
2026-03-06 20:28:23 - serhu_api.app - INFO - 🛑 SerHu API shutting down...
2026-03-06 20:28:23 - serhu_api.dependencies - INFO - 🧹 Clearing orchestrator cache (0 entries)
2026-03-06 20:28:23 - serhu_api.dependencies - INFO - ✓ Cache cleared
2026-03-06 20:28:23 - serhu_api.app - INFO - ✓ Cache cleared
2026-03-06 20:28:23 - serhu_api.dependencies - INFO - 🧹 Clearing orchestrator cache (0 entries)
2026-03-06 20:28:23 - serhu_api.dependencies - INFO - ✓ Cache cleared
2026-03-06 20:28:23 - serhu_api.dependencies - INFO - 🧹 Clearing orchestrator cache (0 entries)
2026-03-06 20:28:23 - serhu_api.dependencies - INFO - ✓ Cache cleared
2026-03-06 20:28:23 - serhu_api.app - INFO - 📝 Creating FastAPI application...
2026-03-06 20:28:23 - serhu_api.app - INFO - 📌 Registering routes...
2026-03-06 20:28:23 - serhu_api.app - INFO - 🔓 CORS origins: ['http://localhost:3000']
2026-03-06 20:28:23 - serhu_api.app - INFO - ✓ FastAPI application created successfully
2026-03-06 20:28:23 - serhu_api.app - INFO - 🚀 SerHu API starting up...
2026-03-06 20:28:23 - serhu_api.routes.beings - INFO - 📍 [POST /beings] Creating Being: name=Luna, language=en
2026-03-06 20:28:23 - serhu_api.dependencies - INFO - 🆕 Creating new Being: name='Luna', language='en'
2026-03-06 20:28:23 - serhu_orchestrator.personality.personality_engine - INFO - ✨ create_being: tabula rasa ~ id=ec275f55091341e7b27ee5746729700a, name='Luna', lang=en
2026-03-06 20:28:23 - serhu_orchestrator.personality.personality_engine - INFO -   → Personality persisted to relational memory
2026-03-06 20:28:23 - serhu_api.dependencies - INFO - ✓ Being created successfully: being_id=ec275f55091341e7b27ee5746729700a
2026-03-06 20:28:23 - serhu_api.routes.beings - INFO - ✓ Being created: being_id=ec275f55091341e7b27ee5746729700a
2026-03-06 20:28:23 - serhu_api.dependencies - INFO - ♻️  Using cached Orchestrator for being_id=ec275f55091341e7b27ee5746729700a
2026-03-06 20:28:23 - serhu_api.app - INFO - 🛑 SerHu API shutting down...
2026-03-06 20:28:23 - serhu_api.dependencies - INFO - 🧹 Clearing orchestrator cache (1 entries)
2026-03-06 20:28:23 - serhu_api.dependencies - INFO - ✓ Cache cleared
2026-03-06 20:28:23 - serhu_api.app - INFO - ✓ Cache cleared
2026-03-06 20:28:23 - serhu_api.dependencies - INFO - 🧹 Clearing orchestrator cache (0 entries)
2026-03-06 20:28:23 - serhu_api.dependencies - INFO - ✓ Cache cleared
2026-03-06 20:28:23 - serhu_api.dependencies - INFO - 🧹 Clearing orchestrator cache (0 entries)
2026-03-06 20:28:23 - serhu_api.dependencies - INFO - ✓ Cache cleared
2026-03-06 20:28:23 - serhu_api.app - INFO - 📝 Creating FastAPI application...
2026-03-06 20:28:23 - serhu_api.app - INFO - 📌 Registering routes...
2026-03-06 20:28:23 - serhu_api.app - INFO - 🔓 CORS origins: ['http://localhost:3000']
2026-03-06 20:28:23 - serhu_api.app - INFO - ✓ FastAPI application created successfully
2026-03-06 20:28:23 - serhu_api.app - INFO - 🚀 SerHu API starting up...
2026-03-06 20:28:23 - serhu_api.routes.beings - INFO - 📍 [POST /beings] Creating Being: name=Luna, language=en
2026-03-06 20:28:23 - serhu_api.dependencies - INFO - 🆕 Creating new Being: name='Luna', language='en'
2026-03-06 20:28:23 - serhu_orchestrator.personality.personality_engine - INFO - ✨ create_being: tabula rasa ~ id=416ac76e7c7c48198d5347bcab471c71, name='Luna', lang=en
2026-03-06 20:28:23 - serhu_orchestrator.personality.personality_engine - INFO -   → Personality persisted to relational memory
2026-03-06 20:28:23 - serhu_api.dependencies - INFO - ✓ Being created successfully: being_id=416ac76e7c7c48198d5347bcab471c71
2026-03-06 20:28:23 - serhu_api.routes.beings - INFO - ✓ Being created: being_id=416ac76e7c7c48198d5347bcab471c71
2026-03-06 20:28:23 - serhu_api.routes.beings - INFO - 📍 [POST /beings/416ac76e7c7c48198d5347bcab471c71/process] Processing message from user: Hello!...
2026-03-06 20:28:23 - serhu_api.dependencies - INFO - ♻️  Using cached Orchestrator for being_id=416ac76e7c7c48198d5347bcab471c71
2026-03-06 20:28:23 - serhu_orchestrator.memory.memory_manager - INFO - 💬 add_interaction: user='Hello!...'
2026-03-06 20:28:23 - serhu_orchestrator.memory.memory_manager - INFO -   → Retrieved 0 archival results
2026-03-06 20:28:23 - serhu_orchestrator.memory.memory_manager - INFO -   → Retrieved 0 semantic facts
2026-03-06 20:28:23 - serhu_orchestrator.orchestrator - INFO - ✓ process_message: user=Hello!... → context=1 working, 0 archival
2026-03-06 20:28:23 - serhu_api.routes.beings - INFO - ✓ Message processed: working_memory=1, archival=0, semantic_facts=0
2026-03-06 20:28:23 - serhu_api.app - INFO - 🛑 SerHu API shutting down...
2026-03-06 20:28:23 - serhu_api.dependencies - INFO - 🧹 Clearing orchestrator cache (1 entries)
2026-03-06 20:28:23 - serhu_api.dependencies - INFO - ✓ Cache cleared
2026-03-06 20:28:23 - serhu_api.app - INFO - ✓ Cache cleared
2026-03-06 20:28:23 - serhu_api.dependencies - INFO - 🧹 Clearing orchestrator cache (0 entries)
2026-03-06 20:28:23 - serhu_api.dependencies - INFO - ✓ Cache cleared
2026-03-06 20:28:23 - serhu_api.dependencies - INFO - 🧹 Clearing orchestrator cache (0 entries)
2026-03-06 20:28:23 - serhu_api.dependencies - INFO - ✓ Cache cleared
2026-03-06 20:28:23 - serhu_api.app - INFO - 📝 Creating FastAPI application...
2026-03-06 20:28:23 - serhu_api.app - INFO - 📌 Registering routes...
2026-03-06 20:28:23 - serhu_api.app - INFO - 🔓 CORS origins: ['http://localhost:3000']
2026-03-06 20:28:23 - serhu_api.app - INFO - ✓ FastAPI application created successfully
2026-03-06 20:28:23 - serhu_api.app - INFO - 🚀 SerHu API starting up...
2026-03-06 20:28:23 - serhu_api.routes.beings - INFO - 📍 [POST /beings] Creating Being: name=Luna, language=en
2026-03-06 20:28:23 - serhu_api.dependencies - INFO - 🆕 Creating new Being: name='Luna', language='en'
2026-03-06 20:28:23 - serhu_orchestrator.personality.personality_engine - INFO - ✨ create_being: tabula rasa ~ id=b9953875173c4c7bab25c1b80433064a, name='Luna', lang=en
2026-03-06 20:28:23 - serhu_orchestrator.personality.personality_engine - INFO -   → Personality persisted to relational memory
2026-03-06 20:28:23 - serhu_api.dependencies - INFO - ✓ Being created successfully: being_id=b9953875173c4c7bab25c1b80433064a
2026-03-06 20:28:23 - serhu_api.routes.beings - INFO - ✓ Being created: being_id=b9953875173c4c7bab25c1b80433064a
2026-03-06 20:28:23 - serhu_api.routes.beings - INFO - 📍 [POST /beings/b9953875173c4c7bab25c1b80433064a/process] Processing message from user: You are very kind...
2026-03-06 20:28:23 - serhu_api.dependencies - INFO - ♻️  Using cached Orchestrator for being_id=b9953875173c4c7bab25c1b80433064a
2026-03-06 20:28:23 - serhu_orchestrator.memory.memory_manager - INFO - 💬 add_interaction: user='You are very kind...'
2026-03-06 20:28:23 - serhu_orchestrator.memory.memory_manager - INFO -   → Retrieved 0 archival results
2026-03-06 20:28:23 - serhu_orchestrator.memory.memory_manager - INFO -   → Retrieved 0 semantic facts
2026-03-06 20:28:23 - serhu_orchestrator.personality.personality_engine - INFO - 📊 update_traits: applying 1 facet deltas
2026-03-06 20:28:23 - serhu_orchestrator.personality.personality_engine - INFO -   → hexaco.gentleness: 0.50 → 0.55 (delta=+0.050)
2026-03-06 20:28:23 - serhu_orchestrator.personality.personality_engine - INFO -   ✓ Personality updated (interactions=1)
2026-03-06 20:28:23 - serhu_orchestrator.orchestrator - INFO - ✓ process_message: user=You are very kind... → context=1 working, 0 archival
2026-03-06 20:28:23 - serhu_api.routes.beings - INFO - ✓ Message processed: working_memory=1, archival=0, semantic_facts=0
2026-03-06 20:28:23 - serhu_api.dependencies - INFO - ♻️  Using cached Orchestrator for being_id=b9953875173c4c7bab25c1b80433064a
2026-03-06 20:28:23 - serhu_api.app - INFO - 🛑 SerHu API shutting down...
2026-03-06 20:28:23 - serhu_api.dependencies - INFO - 🧹 Clearing orchestrator cache (1 entries)
2026-03-06 20:28:23 - serhu_api.dependencies - INFO - ✓ Cache cleared
2026-03-06 20:28:23 - serhu_api.app - INFO - ✓ Cache cleared
2026-03-06 20:28:23 - serhu_api.dependencies - INFO - 🧹 Clearing orchestrator cache (0 entries)
2026-03-06 20:28:23 - serhu_api.dependencies - INFO - ✓ Cache cleared
2026-03-06 20:28:23 - serhu_api.dependencies - INFO - 🧹 Clearing orchestrator cache (0 entries)
2026-03-06 20:28:23 - serhu_api.dependencies - INFO - ✓ Cache cleared
2026-03-06 20:28:23 - serhu_api.app - INFO - 📝 Creating FastAPI application...
2026-03-06 20:28:23 - serhu_api.app - INFO - 📌 Registering routes...
2026-03-06 20:28:23 - serhu_api.app - INFO - 🔓 CORS origins: ['http://localhost:3000']
2026-03-06 20:28:23 - serhu_api.app - INFO - ✓ FastAPI application created successfully
2026-03-06 20:28:23 - serhu_api.app - INFO - 🚀 SerHu API starting up...
2026-03-06 20:28:23 - serhu_api.routes.beings - INFO - 📍 [POST /beings] Creating Being: name=Luna, language=en
2026-03-06 20:28:23 - serhu_api.dependencies - INFO - 🆕 Creating new Being: name='Luna', language='en'
2026-03-06 20:28:23 - serhu_orchestrator.personality.personality_engine - INFO - ✨ create_being: tabula rasa ~ id=83556b48abe64b709c2de4d2d9754288, name='Luna', lang=en
2026-03-06 20:28:23 - serhu_orchestrator.personality.personality_engine - INFO -   → Personality persisted to relational memory
2026-03-06 20:28:23 - serhu_api.dependencies - INFO - ✓ Being created successfully: being_id=83556b48abe64b709c2de4d2d9754288
2026-03-06 20:28:23 - serhu_api.routes.beings - INFO - ✓ Being created: being_id=83556b48abe64b709c2de4d2d9754288
2026-03-06 20:28:23 - serhu_api.routes.beings - INFO - 📍 [POST /beings/83556b48abe64b709c2de4d2d9754288/process] Processing message from user: Hello!...
2026-03-06 20:28:23 - serhu_api.dependencies - INFO - ♻️  Using cached Orchestrator for being_id=83556b48abe64b709c2de4d2d9754288
2026-03-06 20:28:23 - serhu_orchestrator.memory.memory_manager - INFO - 💬 add_interaction: user='Hello!...'
2026-03-06 20:28:23 - serhu_orchestrator.memory.memory_manager - INFO -   → Retrieved 0 archival results
2026-03-06 20:28:23 - serhu_orchestrator.memory.memory_manager - INFO -   → Retrieved 0 semantic facts
2026-03-06 20:28:23 - serhu_orchestrator.orchestrator - INFO - ✓ process_message: user=Hello!... → context=1 working, 0 archival
2026-03-06 20:28:23 - serhu_api.routes.beings - INFO - ✓ Message processed: working_memory=1, archival=0, semantic_facts=0
2026-03-06 20:28:23 - serhu_api.routes.beings - INFO - 📍 [POST /beings/83556b48abe64b709c2de4d2d9754288/process] Processing message from user: How are you?...
2026-03-06 20:28:23 - serhu_api.dependencies - INFO - ♻️  Using cached Orchestrator for being_id=83556b48abe64b709c2de4d2d9754288
2026-03-06 20:28:23 - serhu_orchestrator.memory.memory_manager - INFO - 💬 add_interaction: user='How are you?...'
2026-03-06 20:28:23 - serhu_orchestrator.memory.memory_manager - INFO -   → Retrieved 0 archival results
2026-03-06 20:28:23 - serhu_orchestrator.memory.memory_manager - INFO -   → Retrieved 0 semantic facts
2026-03-06 20:28:23 - serhu_orchestrator.orchestrator - INFO - ✓ process_message: user=How are you?... → context=2 working, 0 archival
2026-03-06 20:28:23 - serhu_api.routes.beings - INFO - ✓ Message processed: working_memory=2, archival=0, semantic_facts=0
2026-03-06 20:28:23 - serhu_api.routes.beings - INFO - 📍 [POST /beings/83556b48abe64b709c2de4d2d9754288/consolidate] Starting consolidation
2026-03-06 20:28:23 - serhu_api.dependencies - INFO - ♻️  Using cached Orchestrator for being_id=83556b48abe64b709c2de4d2d9754288
2026-03-06 20:28:23 - serhu_orchestrator.orchestrator - INFO - 🌅 consolidate: archiving working memory
2026-03-06 20:28:23 - serhu_orchestrator.orchestrator - INFO - ✓ consolidation complete: 2 entries archived
2026-03-06 20:28:23 - serhu_api.routes.beings - INFO - ✓ Consolidation complete: 2 entries archived
2026-03-06 20:28:23 - serhu_api.app - INFO - 🛑 SerHu API shutting down...
2026-03-06 20:28:23 - serhu_api.dependencies - INFO - 🧹 Clearing orchestrator cache (1 entries)
2026-03-06 20:28:23 - serhu_api.dependencies - INFO - ✓ Cache cleared
2026-03-06 20:28:23 - serhu_api.app - INFO - ✓ Cache cleared
2026-03-06 20:28:23 - serhu_api.dependencies - INFO - 🧹 Clearing orchestrator cache (0 entries)
2026-03-06 20:28:23 - serhu_api.dependencies - INFO - ✓ Cache cleared
2026-03-06 20:28:23 - serhu_api.dependencies - INFO - 🧹 Clearing orchestrator cache (0 entries)
2026-03-06 20:28:23 - serhu_api.dependencies - INFO - ✓ Cache cleared
2026-03-06 20:28:23 - serhu_api.app - INFO - 📝 Creating FastAPI application...
2026-03-06 20:28:23 - serhu_api.app - INFO - 📌 Registering routes...
2026-03-06 20:28:23 - serhu_api.app - INFO - 🔓 CORS origins: ['http://localhost:3000']
2026-03-06 20:28:23 - serhu_api.app - INFO - ✓ FastAPI application created successfully
2026-03-06 20:28:23 - serhu_api.app - INFO - 🚀 SerHu API starting up...
2026-03-06 20:28:23 - serhu_api.routes.beings - INFO - 📍 [POST /beings] Creating Being: name=Luna, language=en
2026-03-06 20:28:23 - serhu_api.dependencies - INFO - 🆕 Creating new Being: name='Luna', language='en'
2026-03-06 20:28:23 - serhu_orchestrator.personality.personality_engine - INFO - ✨ create_being: tabula rasa ~ id=c6648facf5b940418d88f15e1508a1c1, name='Luna', lang=en
2026-03-06 20:28:23 - serhu_orchestrator.personality.personality_engine - INFO -   → Personality persisted to relational memory
2026-03-06 20:28:23 - serhu_api.dependencies - INFO - ✓ Being created successfully: being_id=c6648facf5b940418d88f15e1508a1c1
2026-03-06 20:28:23 - serhu_api.routes.beings - INFO - ✓ Being created: being_id=c6648facf5b940418d88f15e1508a1c1
2026-03-06 20:28:23 - serhu_api.routes.beings - INFO - 📍 [POST /beings/c6648facf5b940418d88f15e1508a1c1/process] Processing message from user: Message 0...
2026-03-06 20:28:23 - serhu_api.dependencies - INFO - ♻️  Using cached Orchestrator for being_id=c6648facf5b940418d88f15e1508a1c1
2026-03-06 20:28:23 - serhu_orchestrator.memory.memory_manager - INFO - 💬 add_interaction: user='Message 0...'
2026-03-06 20:28:23 - serhu_orchestrator.memory.memory_manager - INFO -   → Retrieved 0 archival results
2026-03-06 20:28:23 - serhu_orchestrator.memory.memory_manager - INFO -   → Retrieved 0 semantic facts
2026-03-06 20:28:23 - serhu_orchestrator.orchestrator - INFO - ✓ process_message: user=Message 0... → context=1 working, 0 archival
2026-03-06 20:28:23 - serhu_api.routes.beings - INFO - ✓ Message processed: working_memory=1, archival=0, semantic_facts=0
2026-03-06 20:28:23 - serhu_api.routes.beings - INFO - 📍 [POST /beings/c6648facf5b940418d88f15e1508a1c1/process] Processing message from user: Message 1...
2026-03-06 20:28:23 - serhu_api.dependencies - INFO - ♻️  Using cached Orchestrator for being_id=c6648facf5b940418d88f15e1508a1c1
2026-03-06 20:28:23 - serhu_orchestrator.memory.memory_manager - INFO - 💬 add_interaction: user='Message 1...'
2026-03-06 20:28:23 - serhu_orchestrator.memory.memory_manager - INFO -   → Retrieved 0 archival results
2026-03-06 20:28:23 - serhu_orchestrator.memory.memory_manager - INFO -   → Retrieved 0 semantic facts
2026-03-06 20:28:23 - serhu_orchestrator.orchestrator - INFO - ✓ process_message: user=Message 1... → context=2 working, 0 archival
2026-03-06 20:28:23 - serhu_api.routes.beings - INFO - ✓ Message processed: working_memory=2, archival=0, semantic_facts=0
2026-03-06 20:28:23 - serhu_api.routes.beings - INFO - 📍 [POST /beings/c6648facf5b940418d88f15e1508a1c1/process] Processing message from user: Message 2...
2026-03-06 20:28:23 - serhu_api.dependencies - INFO - ♻️  Using cached Orchestrator for being_id=c6648facf5b940418d88f15e1508a1c1
2026-03-06 20:28:23 - serhu_orchestrator.memory.memory_manager - INFO - 💬 add_interaction: user='Message 2...'
2026-03-06 20:28:23 - serhu_orchestrator.memory.memory_manager - INFO -   → Retrieved 0 archival results
2026-03-06 20:28:23 - serhu_orchestrator.memory.memory_manager - INFO -   → Retrieved 0 semantic facts
2026-03-06 20:28:23 - serhu_orchestrator.orchestrator - INFO - ✓ process_message: user=Message 2... → context=3 working, 0 archival
2026-03-06 20:28:23 - serhu_api.routes.beings - INFO - ✓ Message processed: working_memory=3, archival=0, semantic_facts=0
2026-03-06 20:28:23 - serhu_api.routes.beings - INFO - 📍 [POST /beings/c6648facf5b940418d88f15e1508a1c1/process] Processing message from user: Message 3...
2026-03-06 20:28:23 - serhu_api.dependencies - INFO - ♻️  Using cached Orchestrator for being_id=c6648facf5b940418d88f15e1508a1c1
2026-03-06 20:28:23 - serhu_orchestrator.memory.memory_manager - INFO - 💬 add_interaction: user='Message 3...'
2026-03-06 20:28:23 - serhu_orchestrator.memory.memory_manager - INFO -   → Retrieved 0 archival results
2026-03-06 20:28:23 - serhu_orchestrator.memory.memory_manager - INFO -   → Retrieved 0 semantic facts
2026-03-06 20:28:23 - serhu_orchestrator.orchestrator - INFO - ✓ process_message: user=Message 3... → context=4 working, 0 archival
2026-03-06 20:28:23 - serhu_api.routes.beings - INFO - ✓ Message processed: working_memory=4, archival=0, semantic_facts=0
2026-03-06 20:28:23 - serhu_api.routes.beings - INFO - 📍 [POST /beings/c6648facf5b940418d88f15e1508a1c1/process] Processing message from user: Message 4...
2026-03-06 20:28:23 - serhu_api.dependencies - INFO - ♻️  Using cached Orchestrator for being_id=c6648facf5b940418d88f15e1508a1c1
2026-03-06 20:28:23 - serhu_orchestrator.memory.memory_manager - INFO - 💬 add_interaction: user='Message 4...'
2026-03-06 20:28:23 - serhu_orchestrator.memory.memory_manager - INFO -   → Retrieved 0 archival results
2026-03-06 20:28:23 - serhu_orchestrator.memory.memory_manager - INFO -   → Retrieved 0 semantic facts
2026-03-06 20:28:23 - serhu_orchestrator.orchestrator - INFO - ✓ process_message: user=Message 4... → context=5 working, 0 archival
2026-03-06 20:28:23 - serhu_api.routes.beings - INFO - ✓ Message processed: working_memory=5, archival=0, semantic_facts=0
2026-03-06 20:28:23 - serhu_api.routes.beings - INFO - 📍 [POST /beings/c6648facf5b940418d88f15e1508a1c1/sleep-once] Single sleep cycle: num_rollouts=50, svd_rank=4
2026-03-06 20:28:23 - serhu_api.dependencies - INFO - ♻️  Using cached Orchestrator for being_id=c6648facf5b940418d88f15e1508a1c1
2026-03-06 20:28:23 - serhu_orchestrator.orchestrator - INFO - 😴 sleep_once: single synchronous cycle (num_rollouts=50, svd_rank=4)
2026-03-06 20:28:23 - serhu_orchestrator.orchestrator - INFO -   → Retrieved 5 episodes for dreaming
2026-03-06 20:28:23 - serhu_orchestrator.sleep.sleep_cycle - INFO - 💤 SleepCycle.run(): Starting single-shot cycle
2026-03-06 20:28:23 - serhu_orchestrator.sleep.sleep_cycle - INFO -   Phase 0: Building AIXI environment
2026-03-06 20:28:23 - serhu_orchestrator.sleep.dream_engine - INFO -   Building AIXI environment from NeuralEngine
2026-03-06 20:28:23 - serhu_orchestrator.sleep.dream_engine - INFO -   Environment: 7 actions, 7 observations, horizon=5, gamma=0.95
2026-03-06 20:28:23 - serhu_orchestrator.sleep.dream_engine - INFO -   WorldModel: type=co_occurrence, version=b32b885e9efc, 7 transitions
2026-03-06 20:28:23 - serhu_orchestrator.sleep.sleep_cycle - INFO -   Phase 1: Training NeuralEngine on 5 episodes
2026-03-06 20:28:23 - serhu_orchestrator.sleep.sleep_cycle - INFO -   Phase 2: Semantizing episodes
2026-03-06 20:28:23 - serhu_orchestrator.sleep.sleep_cycle - INFO -     → 2 facts extracted
2026-03-06 20:28:23 - serhu_orchestrator.sleep.sleep_cycle - INFO -   Phase 3: Dream REM (50 rollouts)
2026-03-06 20:28:23 - serhu_orchestrator.sleep.sleep_cycle - INFO -     → 10 hypotheses generated
2026-03-06 20:28:23 - serhu_orchestrator.sleep.sleep_cycle - INFO -   Phase 4: Consolidation NREM (SVD rank=4)
2026-03-06 20:28:23 - serhu_orchestrator.sleep.sleep_cycle - INFO -   Phase 5: Ledger update
2026-03-06 20:28:23 - serhu_orchestrator.sleep.sleep_cycle - INFO -     → 3 beliefs added
2026-03-06 20:28:23 - serhu_orchestrator.sleep.sleep_cycle - INFO - ✓ SleepCycle.run() complete: facts=2, hypotheses=10, beliefs=3
2026-03-06 20:28:23 - serhu_orchestrator.orchestrator - INFO - ✓ sleep_once complete: facts=2, beliefs=3, hypotheses=10
2026-03-06 20:28:23 - serhu_api.routes.beings - INFO - ✓ Sleep cycle complete: facts_extracted=2, beliefs_added=3
2026-03-06 20:28:23 - serhu_api.app - INFO - 🛑 SerHu API shutting down...
2026-03-06 20:28:23 - serhu_api.dependencies - INFO - 🧹 Clearing orchestrator cache (1 entries)
2026-03-06 20:28:23 - serhu_api.dependencies - INFO - ✓ Cache cleared
2026-03-06 20:28:23 - serhu_api.app - INFO - ✓ Cache cleared
2026-03-06 20:28:23 - serhu_api.dependencies - INFO - 🧹 Clearing orchestrator cache (0 entries)
2026-03-06 20:28:23 - serhu_api.dependencies - INFO - ✓ Cache cleared
2026-03-06 20:28:23 - serhu_api.dependencies - INFO - 🧹 Clearing orchestrator cache (0 entries)
2026-03-06 20:28:23 - serhu_api.dependencies - INFO - ✓ Cache cleared
2026-03-06 20:28:23 - serhu_api.app - INFO - 📝 Creating FastAPI application...
2026-03-06 20:28:23 - serhu_api.app - INFO - 📌 Registering routes...
2026-03-06 20:28:23 - serhu_api.app - INFO - 🔓 CORS origins: ['http://localhost:3000']
2026-03-06 20:28:23 - serhu_api.app - INFO - ✓ FastAPI application created successfully
2026-03-06 20:28:23 - serhu_api.app - INFO - 🚀 SerHu API starting up...
2026-03-06 20:28:23 - serhu_api.routes.beings - INFO - 📍 [POST /beings] Creating Being: name=Luna, language=en
2026-03-06 20:28:23 - serhu_api.dependencies - INFO - 🆕 Creating new Being: name='Luna', language='en'
2026-03-06 20:28:23 - serhu_orchestrator.personality.personality_engine - INFO - ✨ create_being: tabula rasa ~ id=fcce84c4a47b466194ff94a6973e3897, name='Luna', lang=en
2026-03-06 20:28:23 - serhu_orchestrator.personality.personality_engine - INFO -   → Personality persisted to relational memory
2026-03-06 20:28:23 - serhu_api.dependencies - INFO - ✓ Being created successfully: being_id=fcce84c4a47b466194ff94a6973e3897
2026-03-06 20:28:23 - serhu_api.routes.beings - INFO - ✓ Being created: being_id=fcce84c4a47b466194ff94a6973e3897
2026-03-06 20:28:23 - serhu_api.routes.beings - INFO - 📍 [POST /beings/fcce84c4a47b466194ff94a6973e3897/process] Processing message from user: Message 0...
2026-03-06 20:28:23 - serhu_api.dependencies - INFO - ♻️  Using cached Orchestrator for being_id=fcce84c4a47b466194ff94a6973e3897
2026-03-06 20:28:23 - serhu_orchestrator.memory.memory_manager - INFO - 💬 add_interaction: user='Message 0...'
2026-03-06 20:28:23 - serhu_orchestrator.memory.memory_manager - INFO -   → Retrieved 0 archival results
2026-03-06 20:28:23 - serhu_orchestrator.memory.memory_manager - INFO -   → Retrieved 0 semantic facts
2026-03-06 20:28:23 - serhu_orchestrator.orchestrator - INFO - ✓ process_message: user=Message 0... → context=1 working, 0 archival
2026-03-06 20:28:23 - serhu_api.routes.beings - INFO - ✓ Message processed: working_memory=1, archival=0, semantic_facts=0
2026-03-06 20:28:23 - serhu_api.routes.beings - INFO - 📍 [POST /beings/fcce84c4a47b466194ff94a6973e3897/process] Processing message from user: Message 1...
2026-03-06 20:28:23 - serhu_api.dependencies - INFO - ♻️  Using cached Orchestrator for being_id=fcce84c4a47b466194ff94a6973e3897
2026-03-06 20:28:23 - serhu_orchestrator.memory.memory_manager - INFO - 💬 add_interaction: user='Message 1...'
2026-03-06 20:28:23 - serhu_orchestrator.memory.memory_manager - INFO -   → Retrieved 0 archival results
2026-03-06 20:28:23 - serhu_orchestrator.memory.memory_manager - INFO -   → Retrieved 0 semantic facts
2026-03-06 20:28:23 - serhu_orchestrator.orchestrator - INFO - ✓ process_message: user=Message 1... → context=2 working, 0 archival
2026-03-06 20:28:23 - serhu_api.routes.beings - INFO - ✓ Message processed: working_memory=2, archival=0, semantic_facts=0
2026-03-06 20:28:23 - serhu_api.routes.beings - INFO - 📍 [POST /beings/fcce84c4a47b466194ff94a6973e3897/process] Processing message from user: Message 2...
2026-03-06 20:28:23 - serhu_api.dependencies - INFO - ♻️  Using cached Orchestrator for being_id=fcce84c4a47b466194ff94a6973e3897
2026-03-06 20:28:23 - serhu_orchestrator.memory.memory_manager - INFO - 💬 add_interaction: user='Message 2...'
2026-03-06 20:28:23 - serhu_orchestrator.memory.memory_manager - INFO -   → Retrieved 0 archival results
2026-03-06 20:28:23 - serhu_orchestrator.memory.memory_manager - INFO -   → Retrieved 0 semantic facts
2026-03-06 20:28:23 - serhu_orchestrator.orchestrator - INFO - ✓ process_message: user=Message 2... → context=3 working, 0 archival
2026-03-06 20:28:23 - serhu_api.routes.beings - INFO - ✓ Message processed: working_memory=3, archival=0, semantic_facts=0
2026-03-06 20:28:23 - serhu_api.routes.beings - INFO - 📍 [POST /beings/fcce84c4a47b466194ff94a6973e3897/process] Processing message from user: Message 3...
2026-03-06 20:28:23 - serhu_api.dependencies - INFO - ♻️  Using cached Orchestrator for being_id=fcce84c4a47b466194ff94a6973e3897
2026-03-06 20:28:23 - serhu_orchestrator.memory.memory_manager - INFO - 💬 add_interaction: user='Message 3...'
2026-03-06 20:28:23 - serhu_orchestrator.memory.memory_manager - INFO -   → Retrieved 0 archival results
2026-03-06 20:28:23 - serhu_orchestrator.memory.memory_manager - INFO -   → Retrieved 0 semantic facts
2026-03-06 20:28:23 - serhu_orchestrator.orchestrator - INFO - ✓ process_message: user=Message 3... → context=4 working, 0 archival
2026-03-06 20:28:23 - serhu_api.routes.beings - INFO - ✓ Message processed: working_memory=4, archival=0, semantic_facts=0
2026-03-06 20:28:23 - serhu_api.routes.beings - INFO - 📍 [POST /beings/fcce84c4a47b466194ff94a6973e3897/process] Processing message from user: Message 4...
2026-03-06 20:28:23 - serhu_api.dependencies - INFO - ♻️  Using cached Orchestrator for being_id=fcce84c4a47b466194ff94a6973e3897
2026-03-06 20:28:23 - serhu_orchestrator.memory.memory_manager - INFO - 💬 add_interaction: user='Message 4...'
2026-03-06 20:28:23 - serhu_orchestrator.memory.memory_manager - INFO -   → Retrieved 0 archival results
2026-03-06 20:28:23 - serhu_orchestrator.memory.memory_manager - INFO -   → Retrieved 0 semantic facts
2026-03-06 20:28:23 - serhu_orchestrator.orchestrator - INFO - ✓ process_message: user=Message 4... → context=5 working, 0 archival
2026-03-06 20:28:23 - serhu_api.routes.beings - INFO - ✓ Message processed: working_memory=5, archival=0, semantic_facts=0
2026-03-06 20:28:23 - serhu_api.routes.beings - INFO - 📍 [POST /beings/fcce84c4a47b466194ff94a6973e3897/sleep] Starting sleep cycle: num_rollouts=50, svd_rank=4
2026-03-06 20:28:23 - serhu_api.dependencies - INFO - ♻️  Using cached Orchestrator for being_id=fcce84c4a47b466194ff94a6973e3897
2026-03-06 20:28:23 - serhu_orchestrator.orchestrator - INFO - 😴 sleep: starting continuous AIXI dreaming (num_rollouts=50, svd_rank=4)
2026-03-06 20:28:23 - serhu_orchestrator.orchestrator - INFO -   → Retrieved 5 episodes for dreaming
2026-03-06 20:28:23 - serhu_orchestrator.orchestrator - INFO -   → Sleep worker started
2026-03-06 20:28:23 - serhu_orchestrator.sleep.dream_engine - INFO -   Building AIXI environment from NeuralEngine
2026-03-06 20:28:23 - serhu_orchestrator.sleep.dream_engine - INFO -   Environment: 7 actions, 7 observations, horizon=5, gamma=0.95
2026-03-06 20:28:23 - serhu_orchestrator.sleep.dream_engine - INFO -   WorldModel: type=co_occurrence, version=b32b885e9efc, 7 transitions
2026-03-06 20:28:23 - serhu_orchestrator.sleep.sleep_cycle - INFO - Continuous sleep: dream cycle checkpoint=1
2026-03-06 20:28:23 - serhu_orchestrator.orchestrator - INFO - Being fcce84c4a47b466194ff94a6973e3897 entered continuous sleep
2026-03-06 20:28:23 - serhu_api.routes.beings - INFO - ✓ Sleep cycle started (running in background)
2026-03-06 20:28:23 - serhu_api.dependencies - INFO - ♻️  Using cached Orchestrator for being_id=fcce84c4a47b466194ff94a6973e3897
2026-03-06 20:28:23 - serhu_api.routes.beings - INFO - 📍 [POST /beings/fcce84c4a47b466194ff94a6973e3897/wake] Waking Being from sleep (timeout=10.0s)
2026-03-06 20:28:23 - serhu_api.dependencies - INFO - ♻️  Using cached Orchestrator for being_id=fcce84c4a47b466194ff94a6973e3897
2026-03-06 20:28:23 - serhu_orchestrator.orchestrator - INFO - ⏰ wake: requesting stop (timeout=10.0s)
2026-03-06 20:28:23 - serhu_orchestrator.sleep.sleep_cycle - INFO - Continuous sleep ended after 20 cycle(s)
2026-03-06 20:28:23 - serhu_orchestrator.orchestrator - INFO - ✓ Being fcce84c4a47b466194ff94a6973e3897 woke up: cycles=20, facts=2, beliefs=60, hypotheses=10, training(vocab=1, patterns=1, entropy=1.6094)
2026-03-06 20:28:23 - serhu_api.routes.beings - INFO - ✓ Being woken: facts_extracted=2, beliefs_added=60, hypotheses_generated=10, cycles_completed=20, training(vocab=1, patterns=1, entropy=1.6094)
2026-03-06 20:28:23 - serhu_api.app - INFO - 🛑 SerHu API shutting down...
2026-03-06 20:28:23 - serhu_api.dependencies - INFO - 🧹 Clearing orchestrator cache (1 entries)
2026-03-06 20:28:23 - serhu_api.dependencies - INFO - ✓ Cache cleared
2026-03-06 20:28:23 - serhu_api.app - INFO - ✓ Cache cleared
2026-03-06 20:28:23 - serhu_api.dependencies - INFO - 🧹 Clearing orchestrator cache (0 entries)
2026-03-06 20:28:23 - serhu_api.dependencies - INFO - ✓ Cache cleared
2026-03-06 20:28:23 - serhu_api.dependencies - INFO - 🧹 Clearing orchestrator cache (0 entries)
2026-03-06 20:28:23 - serhu_api.dependencies - INFO - ✓ Cache cleared
2026-03-06 20:28:23 - serhu_api.app - INFO - 📝 Creating FastAPI application...
2026-03-06 20:28:23 - serhu_api.app - INFO - 📌 Registering routes...
2026-03-06 20:28:23 - serhu_api.app - INFO - 🔓 CORS origins: ['http://localhost:3000']
2026-03-06 20:28:23 - serhu_api.app - INFO - ✓ FastAPI application created successfully
2026-03-06 20:28:23 - serhu_api.app - INFO - 🚀 SerHu API starting up...
2026-03-06 20:28:23 - serhu_api.routes.beings - INFO - 📍 [POST /beings] Creating Being: name=Luna, language=en
2026-03-06 20:28:23 - serhu_api.dependencies - INFO - 🆕 Creating new Being: name='Luna', language='en'
2026-03-06 20:28:23 - serhu_orchestrator.personality.personality_engine - INFO - ✨ create_being: tabula rasa ~ id=894d3583d37844c1a73b1a001dd9df1e, name='Luna', lang=en
2026-03-06 20:28:23 - serhu_orchestrator.personality.personality_engine - INFO -   → Personality persisted to relational memory
2026-03-06 20:28:23 - serhu_api.dependencies - INFO - ✓ Being created successfully: being_id=894d3583d37844c1a73b1a001dd9df1e
2026-03-06 20:28:23 - serhu_api.routes.beings - INFO - ✓ Being created: being_id=894d3583d37844c1a73b1a001dd9df1e
2026-03-06 20:28:23 - serhu_api.routes.beings - INFO - 📍 [POST /beings/894d3583d37844c1a73b1a001dd9df1e/sleep] Starting sleep cycle: num_rollouts=50, svd_rank=4
2026-03-06 20:28:23 - serhu_api.dependencies - INFO - ♻️  Using cached Orchestrator for being_id=894d3583d37844c1a73b1a001dd9df1e
2026-03-06 20:28:23 - serhu_orchestrator.orchestrator - INFO - 😴 sleep: starting continuous AIXI dreaming (num_rollouts=50, svd_rank=4)
2026-03-06 20:28:23 - serhu_orchestrator.orchestrator - INFO -   → Retrieved 0 episodes for dreaming
2026-03-06 20:28:23 - serhu_orchestrator.orchestrator - INFO -   → Sleep worker started
2026-03-06 20:28:23 - serhu_orchestrator.sleep.dream_engine - INFO -   Building AIXI environment from NeuralEngine
2026-03-06 20:28:23 - serhu_orchestrator.sleep.dream_engine - INFO -   Environment: 5 actions, 6 observations, horizon=5, gamma=0.95
2026-03-06 20:28:23 - serhu_orchestrator.sleep.dream_engine - INFO -   WorldModel: type=co_occurrence, version=0c0ba07aef26, 5 transitions
2026-03-06 20:28:23 - serhu_orchestrator.sleep.neural_engine - WARNING - train: no episodes provided
2026-03-06 20:28:23 - serhu_orchestrator.sleep.sleep_cycle - INFO - Continuous sleep: dream cycle checkpoint=1
2026-03-06 20:28:23 - serhu_orchestrator.sleep.neural_engine - WARNING - train: no episodes provided
2026-03-06 20:28:23 - serhu_orchestrator.sleep.neural_engine - WARNING - train: no episodes provided
2026-03-06 20:28:23 - serhu_orchestrator.orchestrator - INFO - Being 894d3583d37844c1a73b1a001dd9df1e entered continuous sleep
2026-03-06 20:28:23 - serhu_orchestrator.sleep.neural_engine - WARNING - train: no episodes provided
2026-03-06 20:28:23 - serhu_api.routes.beings - INFO - ✓ Sleep cycle started (running in background)
2026-03-06 20:28:23 - serhu_orchestrator.sleep.neural_engine - WARNING - train: no episodes provided
2026-03-06 20:28:23 - serhu_orchestrator.sleep.neural_engine - WARNING - train: no episodes provided
2026-03-06 20:28:23 - serhu_orchestrator.sleep.neural_engine - WARNING - train: no episodes provided
2026-03-06 20:28:23 - serhu_orchestrator.sleep.neural_engine - WARNING - train: no episodes provided
2026-03-06 20:28:23 - serhu_orchestrator.sleep.neural_engine - WARNING - train: no episodes provided
2026-03-06 20:28:23 - serhu_orchestrator.sleep.neural_engine - WARNING - train: no episodes provided
2026-03-06 20:28:23 - serhu_orchestrator.sleep.neural_engine - WARNING - train: no episodes provided
2026-03-06 20:28:23 - serhu_orchestrator.sleep.neural_engine - WARNING - train: no episodes provided
2026-03-06 20:28:23 - serhu_orchestrator.sleep.neural_engine - WARNING - train: no episodes provided
2026-03-06 20:28:23 - serhu_orchestrator.sleep.neural_engine - WARNING - train: no episodes provided
2026-03-06 20:28:23 - serhu_orchestrator.sleep.neural_engine - WARNING - train: no episodes provided
2026-03-06 20:28:23 - serhu_orchestrator.sleep.neural_engine - WARNING - train: no episodes provided
2026-03-06 20:28:23 - serhu_orchestrator.sleep.neural_engine - WARNING - train: no episodes provided
2026-03-06 20:28:23 - serhu_orchestrator.sleep.neural_engine - WARNING - train: no episodes provided
2026-03-06 20:28:23 - serhu_orchestrator.sleep.neural_engine - WARNING - train: no episodes provided
2026-03-06 20:28:23 - serhu_orchestrator.sleep.neural_engine - WARNING - train: no episodes provided
2026-03-06 20:28:23 - serhu_orchestrator.sleep.neural_engine - WARNING - train: no episodes provided
2026-03-06 20:28:23 - serhu_orchestrator.sleep.neural_engine - WARNING - train: no episodes provided
2026-03-06 20:28:23 - serhu_orchestrator.sleep.neural_engine - WARNING - train: no episodes provided
2026-03-06 20:28:23 - serhu_orchestrator.sleep.neural_engine - WARNING - train: no episodes provided
2026-03-06 20:28:23 - serhu_orchestrator.sleep.neural_engine - WARNING - train: no episodes provided
2026-03-06 20:28:23 - serhu_orchestrator.sleep.neural_engine - WARNING - train: no episodes provided
2026-03-06 20:28:23 - serhu_orchestrator.sleep.neural_engine - WARNING - train: no episodes provided
2026-03-06 20:28:23 - serhu_orchestrator.sleep.neural_engine - WARNING - train: no episodes provided
2026-03-06 20:28:23 - serhu_orchestrator.sleep.neural_engine - WARNING - train: no episodes provided
2026-03-06 20:28:23 - serhu_orchestrator.sleep.neural_engine - WARNING - train: no episodes provided
2026-03-06 20:28:23 - serhu_orchestrator.sleep.neural_engine - WARNING - train: no episodes provided
2026-03-06 20:28:23 - serhu_orchestrator.sleep.neural_engine - WARNING - train: no episodes provided
2026-03-06 20:28:23 - serhu_orchestrator.sleep.neural_engine - WARNING - train: no episodes provided
2026-03-06 20:28:23 - serhu_orchestrator.sleep.neural_engine - WARNING - train: no episodes provided
2026-03-06 20:28:23 - serhu_orchestrator.sleep.neural_engine - WARNING - train: no episodes provided
2026-03-06 20:28:23 - serhu_orchestrator.sleep.neural_engine - WARNING - train: no episodes provided
2026-03-06 20:28:23 - serhu_orchestrator.sleep.neural_engine - WARNING - train: no episodes provided
2026-03-06 20:28:23 - serhu_orchestrator.sleep.neural_engine - WARNING - train: no episodes provided
2026-03-06 20:28:23 - serhu_orchestrator.sleep.neural_engine - WARNING - train: no episodes provided
2026-03-06 20:28:23 - serhu_orchestrator.sleep.neural_engine - WARNING - train: no episodes provided
2026-03-06 20:28:23 - serhu_orchestrator.sleep.neural_engine - WARNING - train: no episodes provided
2026-03-06 20:28:23 - serhu_orchestrator.sleep.neural_engine - WARNING - train: no episodes provided
2026-03-06 20:28:23 - serhu_orchestrator.sleep.neural_engine - WARNING - train: no episodes provided
2026-03-06 20:28:23 - serhu_orchestrator.sleep.neural_engine - WARNING - train: no episodes provided
2026-03-06 20:28:23 - serhu_orchestrator.sleep.neural_engine - WARNING - train: no episodes provided
2026-03-06 20:28:23 - serhu_orchestrator.sleep.neural_engine - WARNING - train: no episodes provided
2026-03-06 20:28:23 - serhu_orchestrator.sleep.neural_engine - WARNING - train: no episodes provided
2026-03-06 20:28:23 - serhu_orchestrator.sleep.neural_engine - WARNING - train: no episodes provided
2026-03-06 20:28:23 - serhu_orchestrator.sleep.neural_engine - WARNING - train: no episodes provided
2026-03-06 20:28:23 - serhu_orchestrator.sleep.neural_engine - WARNING - train: no episodes provided
2026-03-06 20:28:23 - serhu_orchestrator.sleep.neural_engine - WARNING - train: no episodes provided
2026-03-06 20:28:23 - serhu_orchestrator.sleep.neural_engine - WARNING - train: no episodes provided
2026-03-06 20:28:24 - serhu_orchestrator.sleep.neural_engine - WARNING - train: no episodes provided
2026-03-06 20:28:24 - serhu_orchestrator.sleep.neural_engine - WARNING - train: no episodes provided
2026-03-06 20:28:24 - serhu_orchestrator.sleep.neural_engine - WARNING - train: no episodes provided
2026-03-06 20:28:24 - serhu_orchestrator.sleep.neural_engine - WARNING - train: no episodes provided
2026-03-06 20:28:24 - serhu_orchestrator.sleep.neural_engine - WARNING - train: no episodes provided
2026-03-06 20:28:24 - serhu_orchestrator.sleep.neural_engine - WARNING - train: no episodes provided
2026-03-06 20:28:24 - serhu_orchestrator.sleep.neural_engine - WARNING - train: no episodes provided
2026-03-06 20:28:24 - serhu_orchestrator.sleep.neural_engine - WARNING - train: no episodes provided
2026-03-06 20:28:24 - serhu_orchestrator.sleep.neural_engine - WARNING - train: no episodes provided
2026-03-06 20:28:24 - serhu_api.routes.beings - INFO - 📍 [POST /beings/894d3583d37844c1a73b1a001dd9df1e/sleep] Starting sleep cycle: num_rollouts=50, svd_rank=4
2026-03-06 20:28:24 - serhu_orchestrator.sleep.neural_engine - WARNING - train: no episodes provided
2026-03-06 20:28:24 - serhu_api.dependencies - INFO - ♻️  Using cached Orchestrator for being_id=894d3583d37844c1a73b1a001dd9df1e
2026-03-06 20:28:24 - serhu_orchestrator.sleep.neural_engine - WARNING - train: no episodes provided
2026-03-06 20:28:24 - serhu_api.routes.beings - ERROR - ✗ Sleep cycle error: Being is already sleeping. Call wake() first.
2026-03-06 20:28:24 - serhu_orchestrator.sleep.neural_engine - WARNING - train: no episodes provided
2026-03-06 20:28:24 - serhu_orchestrator.sleep.neural_engine - WARNING - train: no episodes provided
2026-03-06 20:28:24 - serhu_orchestrator.sleep.neural_engine - WARNING - train: no episodes provided
2026-03-06 20:28:24 - serhu_orchestrator.sleep.neural_engine - WARNING - train: no episodes provided
2026-03-06 20:28:24 - serhu_orchestrator.sleep.neural_engine - WARNING - train: no episodes provided
2026-03-06 20:28:24 - serhu_orchestrator.sleep.neural_engine - WARNING - train: no episodes provided
2026-03-06 20:28:24 - serhu_orchestrator.sleep.neural_engine - WARNING - train: no episodes provided
2026-03-06 20:28:24 - serhu_orchestrator.sleep.neural_engine - WARNING - train: no episodes provided
2026-03-06 20:28:24 - serhu_orchestrator.sleep.neural_engine - WARNING - train: no episodes provided
2026-03-06 20:28:24 - serhu_orchestrator.sleep.neural_engine - WARNING - train: no episodes provided
2026-03-06 20:28:24 - serhu_orchestrator.sleep.neural_engine - WARNING - train: no episodes provided
2026-03-06 20:28:24 - serhu_orchestrator.sleep.neural_engine - WARNING - train: no episodes provided
2026-03-06 20:28:24 - serhu_orchestrator.sleep.neural_engine - WARNING - train: no episodes provided
2026-03-06 20:28:24 - serhu_orchestrator.sleep.neural_engine - WARNING - train: no episodes provided
2026-03-06 20:28:24 - serhu_orchestrator.sleep.neural_engine - WARNING - train: no episodes provided
2026-03-06 20:28:24 - serhu_orchestrator.sleep.neural_engine - WARNING - train: no episodes provided
2026-03-06 20:28:24 - serhu_orchestrator.sleep.neural_engine - WARNING - train: no episodes provided
2026-03-06 20:28:24 - serhu_orchestrator.sleep.neural_engine - WARNING - train: no episodes provided
2026-03-06 20:28:24 - serhu_orchestrator.sleep.neural_engine - WARNING - train: no episodes provided
2026-03-06 20:28:24 - serhu_orchestrator.sleep.neural_engine - WARNING - train: no episodes provided
2026-03-06 20:28:24 - serhu_orchestrator.sleep.neural_engine - WARNING - train: no episodes provided
2026-03-06 20:28:24 - serhu_orchestrator.sleep.neural_engine - WARNING - train: no episodes provided
2026-03-06 20:28:24 - serhu_orchestrator.sleep.neural_engine - WARNING - train: no episodes provided
2026-03-06 20:28:24 - serhu_orchestrator.sleep.neural_engine - WARNING - train: no episodes provided
2026-03-06 20:28:24 - serhu_orchestrator.sleep.neural_engine - WARNING - train: no episodes provided
2026-03-06 20:28:24 - serhu_orchestrator.sleep.neural_engine - WARNING - train: no episodes provided
2026-03-06 20:28:24 - serhu_orchestrator.sleep.neural_engine - WARNING - train: no episodes provided
2026-03-06 20:28:24 - serhu_orchestrator.sleep.neural_engine - WARNING - train: no episodes provided
2026-03-06 20:28:24 - serhu_orchestrator.sleep.neural_engine - WARNING - train: no episodes provided
2026-03-06 20:28:24 - serhu_orchestrator.sleep.neural_engine - WARNING - train: no episodes provided
2026-03-06 20:28:24 - serhu_orchestrator.sleep.neural_engine - WARNING - train: no episodes provided
2026-03-06 20:28:24 - serhu_orchestrator.sleep.neural_engine - WARNING - train: no episodes provided
2026-03-06 20:28:24 - serhu_orchestrator.sleep.neural_engine - WARNING - train: no episodes provided
2026-03-06 20:28:24 - serhu_orchestrator.sleep.neural_engine - WARNING - train: no episodes provided
2026-03-06 20:28:24 - serhu_orchestrator.sleep.neural_engine - WARNING - train: no episodes provided
2026-03-06 20:28:24 - serhu_orchestrator.sleep.neural_engine - WARNING - train: no episodes provided
2026-03-06 20:28:24 - serhu_orchestrator.sleep.neural_engine - WARNING - train: no episodes provided
2026-03-06 20:28:24 - serhu_orchestrator.sleep.neural_engine - WARNING - train: no episodes provided
2026-03-06 20:28:24 - serhu_orchestrator.sleep.neural_engine - WARNING - train: no episodes provided
2026-03-06 20:28:24 - serhu_orchestrator.sleep.neural_engine - WARNING - train: no episodes provided
2026-03-06 20:28:24 - serhu_orchestrator.sleep.neural_engine - WARNING - train: no episodes provided
2026-03-06 20:28:24 - serhu_orchestrator.sleep.neural_engine - WARNING - train: no episodes provided
2026-03-06 20:28:24 - serhu_orchestrator.sleep.neural_engine - WARNING - train: no episodes provided
2026-03-06 20:28:24 - serhu_orchestrator.sleep.neural_engine - WARNING - train: no episodes provided
2026-03-06 20:28:24 - serhu_orchestrator.sleep.neural_engine - WARNING - train: no episodes provided
2026-03-06 20:28:24 - serhu_orchestrator.sleep.neural_engine - WARNING - train: no episodes provided
2026-03-06 20:28:24 - serhu_orchestrator.sleep.neural_engine - WARNING - train: no episodes provided
2026-03-06 20:28:24 - serhu_orchestrator.sleep.neural_engine - WARNING - train: no episodes provided
2026-03-06 20:28:24 - serhu_orchestrator.sleep.neural_engine - WARNING - train: no episodes provided
2026-03-06 20:28:24 - serhu_orchestrator.sleep.neural_engine - WARNING - train: no episodes provided
2026-03-06 20:28:24 - serhu_orchestrator.sleep.neural_engine - WARNING - train: no episodes provided
2026-03-06 20:28:24 - serhu_orchestrator.sleep.neural_engine - WARNING - train: no episodes provided
2026-03-06 20:28:24 - serhu_orchestrator.sleep.neural_engine - WARNING - train: no episodes provided
2026-03-06 20:28:24 - serhu_orchestrator.sleep.neural_engine - WARNING - train: no episodes provided
2026-03-06 20:28:24 - serhu_orchestrator.sleep.neural_engine - WARNING - train: no episodes provided
2026-03-06 20:28:24 - serhu_orchestrator.sleep.neural_engine - WARNING - train: no episodes provided
2026-03-06 20:28:24 - serhu_orchestrator.sleep.neural_engine - WARNING - train: no episodes provided
2026-03-06 20:28:24 - serhu_orchestrator.sleep.neural_engine - WARNING - train: no episodes provided
2026-03-06 20:28:24 - serhu_orchestrator.sleep.neural_engine - WARNING - train: no episodes provided
2026-03-06 20:28:24 - serhu_orchestrator.sleep.neural_engine - WARNING - train: no episodes provided
2026-03-06 20:28:24 - serhu_orchestrator.sleep.neural_engine - WARNING - train: no episodes provided
2026-03-06 20:28:24 - serhu_orchestrator.sleep.neural_engine - WARNING - train: no episodes provided
2026-03-06 20:28:24 - serhu_orchestrator.sleep.neural_engine - WARNING - train: no episodes provided
2026-03-06 20:28:24 - serhu_api.routes.beings - INFO - 📍 [POST /beings/894d3583d37844c1a73b1a001dd9df1e/wake] Waking Being from sleep (timeout=10.0s)
2026-03-06 20:28:24 - serhu_orchestrator.sleep.neural_engine - WARNING - train: no episodes provided
2026-03-06 20:28:24 - serhu_api.dependencies - INFO - ♻️  Using cached Orchestrator for being_id=894d3583d37844c1a73b1a001dd9df1e
2026-03-06 20:28:24 - serhu_orchestrator.sleep.neural_engine - WARNING - train: no episodes provided
2026-03-06 20:28:24 - serhu_orchestrator.orchestrator - INFO - ⏰ wake: requesting stop (timeout=10.0s)
2026-03-06 20:28:24 - serhu_orchestrator.sleep.neural_engine - WARNING - train: no episodes provided
2026-03-06 20:28:24 - serhu_orchestrator.sleep.sleep_cycle - INFO - Continuous sleep ended after 128 cycle(s)
2026-03-06 20:28:24 - serhu_orchestrator.orchestrator - INFO - ✓ Being 894d3583d37844c1a73b1a001dd9df1e woke up: cycles=128, facts=0, beliefs=384, hypotheses=10, training(vocab=0, patterns=0, entropy=0.0000)
2026-03-06 20:28:24 - serhu_api.routes.beings - INFO - ✓ Being woken: facts_extracted=0, beliefs_added=384, hypotheses_generated=10, cycles_completed=128, training(vocab=0, patterns=0, entropy=0.0000)
2026-03-06 20:28:24 - serhu_api.app - INFO - 🛑 SerHu API shutting down...
2026-03-06 20:28:24 - serhu_api.dependencies - INFO - 🧹 Clearing orchestrator cache (1 entries)
2026-03-06 20:28:24 - serhu_api.dependencies - INFO - ✓ Cache cleared
2026-03-06 20:28:24 - serhu_api.app - INFO - ✓ Cache cleared
2026-03-06 20:28:24 - serhu_api.dependencies - INFO - 🧹 Clearing orchestrator cache (0 entries)
2026-03-06 20:28:24 - serhu_api.dependencies - INFO - ✓ Cache cleared
2026-03-06 20:28:24 - serhu_api.dependencies - INFO - 🧹 Clearing orchestrator cache (0 entries)
2026-03-06 20:28:24 - serhu_api.dependencies - INFO - ✓ Cache cleared
2026-03-06 20:28:24 - serhu_api.app - INFO - 📝 Creating FastAPI application...
2026-03-06 20:28:24 - serhu_api.app - INFO - 📌 Registering routes...
2026-03-06 20:28:24 - serhu_api.app - INFO - 🔓 CORS origins: ['http://localhost:3000']
2026-03-06 20:28:24 - serhu_api.app - INFO - ✓ FastAPI application created successfully
2026-03-06 20:28:24 - serhu_api.app - INFO - 🚀 SerHu API starting up...
2026-03-06 20:28:24 - serhu_api.routes.beings - INFO - 📍 [POST /beings] Creating Being: name=Luna, language=en
2026-03-06 20:28:24 - serhu_api.dependencies - INFO - 🆕 Creating new Being: name='Luna', language='en'
2026-03-06 20:28:24 - serhu_orchestrator.personality.personality_engine - INFO - ✨ create_being: tabula rasa ~ id=bc58f6df0aae4c89918ed8791fe80431, name='Luna', lang=en
2026-03-06 20:28:24 - serhu_orchestrator.personality.personality_engine - INFO -   → Personality persisted to relational memory
2026-03-06 20:28:24 - serhu_api.dependencies - INFO - ✓ Being created successfully: being_id=bc58f6df0aae4c89918ed8791fe80431
2026-03-06 20:28:24 - serhu_api.routes.beings - INFO - ✓ Being created: being_id=bc58f6df0aae4c89918ed8791fe80431
2026-03-06 20:28:24 - serhu_api.routes.beings - INFO - 📍 [POST /beings/bc58f6df0aae4c89918ed8791fe80431/process] Processing message from user: Message about topic 0...
2026-03-06 20:28:24 - serhu_api.dependencies - INFO - ♻️  Using cached Orchestrator for being_id=bc58f6df0aae4c89918ed8791fe80431
2026-03-06 20:28:24 - serhu_orchestrator.memory.memory_manager - INFO - 💬 add_interaction: user='Message about topic 0...'
2026-03-06 20:28:24 - serhu_orchestrator.memory.memory_manager - INFO -   → Retrieved 0 archival results
2026-03-06 20:28:24 - serhu_orchestrator.memory.memory_manager - INFO -   → Retrieved 0 semantic facts
2026-03-06 20:28:24 - serhu_orchestrator.orchestrator - INFO - ✓ process_message: user=Message about topic 0... → context=1 working, 0 archival
2026-03-06 20:28:24 - serhu_api.routes.beings - INFO - ✓ Message processed: working_memory=1, archival=0, semantic_facts=0
2026-03-06 20:28:24 - serhu_api.routes.beings - INFO - 📍 [POST /beings/bc58f6df0aae4c89918ed8791fe80431/process] Processing message from user: Message about topic 1...
2026-03-06 20:28:24 - serhu_api.dependencies - INFO - ♻️  Using cached Orchestrator for being_id=bc58f6df0aae4c89918ed8791fe80431
2026-03-06 20:28:24 - serhu_orchestrator.memory.memory_manager - INFO - 💬 add_interaction: user='Message about topic 1...'
2026-03-06 20:28:24 - serhu_orchestrator.memory.memory_manager - INFO -   → Retrieved 0 archival results
2026-03-06 20:28:24 - serhu_orchestrator.memory.memory_manager - INFO -   → Retrieved 0 semantic facts
2026-03-06 20:28:24 - serhu_orchestrator.orchestrator - INFO - ✓ process_message: user=Message about topic 1... → context=2 working, 0 archival
2026-03-06 20:28:24 - serhu_api.routes.beings - INFO - ✓ Message processed: working_memory=2, archival=0, semantic_facts=0
2026-03-06 20:28:24 - serhu_api.routes.beings - INFO - 📍 [POST /beings/bc58f6df0aae4c89918ed8791fe80431/process] Processing message from user: Message about topic 2...
2026-03-06 20:28:24 - serhu_api.dependencies - INFO - ♻️  Using cached Orchestrator for being_id=bc58f6df0aae4c89918ed8791fe80431
2026-03-06 20:28:24 - serhu_orchestrator.memory.memory_manager - INFO - 💬 add_interaction: user='Message about topic 2...'
2026-03-06 20:28:24 - serhu_orchestrator.memory.memory_manager - INFO -   → Retrieved 0 archival results
2026-03-06 20:28:24 - serhu_orchestrator.memory.memory_manager - INFO -   → Retrieved 0 semantic facts
2026-03-06 20:28:24 - serhu_orchestrator.orchestrator - INFO - ✓ process_message: user=Message about topic 2... → context=3 working, 0 archival
2026-03-06 20:28:24 - serhu_api.routes.beings - INFO - ✓ Message processed: working_memory=3, archival=0, semantic_facts=0
2026-03-06 20:28:24 - serhu_api.routes.beings - INFO - 📍 [POST /beings/bc58f6df0aae4c89918ed8791fe80431/consolidate] Starting consolidation
2026-03-06 20:28:24 - serhu_api.dependencies - INFO - ♻️  Using cached Orchestrator for being_id=bc58f6df0aae4c89918ed8791fe80431
2026-03-06 20:28:24 - serhu_orchestrator.orchestrator - INFO - 🌅 consolidate: archiving working memory
2026-03-06 20:28:24 - serhu_orchestrator.orchestrator - INFO - ✓ consolidation complete: 3 entries archived
2026-03-06 20:28:24 - serhu_api.routes.beings - INFO - ✓ Consolidation complete: 3 entries archived
2026-03-06 20:28:24 - serhu_api.routes.beings - INFO - 📍 [POST /beings/bc58f6df0aae4c89918ed8791fe80431/recall] Query: 'topic', top_k=5, type=None
2026-03-06 20:28:24 - serhu_api.dependencies - INFO - ♻️  Using cached Orchestrator for being_id=bc58f6df0aae4c89918ed8791fe80431
2026-03-06 20:28:24 - serhu_api.routes.beings - INFO - ✓ Recalled 3 memories
2026-03-06 20:28:24 - serhu_api.app - INFO - 🛑 SerHu API shutting down...
2026-03-06 20:28:24 - serhu_api.dependencies - INFO - 🧹 Clearing orchestrator cache (1 entries)
2026-03-06 20:28:24 - serhu_api.dependencies - INFO - ✓ Cache cleared
2026-03-06 20:28:24 - serhu_api.app - INFO - ✓ Cache cleared
2026-03-06 20:28:24 - serhu_api.dependencies - INFO - 🧹 Clearing orchestrator cache (0 entries)
2026-03-06 20:28:24 - serhu_api.dependencies - INFO - ✓ Cache cleared
2026-03-06 20:28:24 - serhu_api.dependencies - INFO - 🧹 Clearing orchestrator cache (0 entries)
2026-03-06 20:28:24 - serhu_api.dependencies - INFO - ✓ Cache cleared
2026-03-06 20:28:24 - serhu_api.app - INFO - 📝 Creating FastAPI application...
2026-03-06 20:28:24 - serhu_api.app - INFO - 📌 Registering routes...
2026-03-06 20:28:24 - serhu_api.app - INFO - 🔓 CORS origins: ['http://localhost:3000']
2026-03-06 20:28:24 - serhu_api.app - INFO - ✓ FastAPI application created successfully
2026-03-06 20:28:24 - serhu_api.app - INFO - 🚀 SerHu API starting up...
2026-03-06 20:28:24 - serhu_api.routes.beings - INFO - 📍 [POST /beings] Creating Being: name=Luna, language=en
2026-03-06 20:28:24 - serhu_api.dependencies - INFO - 🆕 Creating new Being: name='Luna', language='en'
2026-03-06 20:28:24 - serhu_orchestrator.personality.personality_engine - INFO - ✨ create_being: tabula rasa ~ id=aae0867944454a7aad5f4cd0d9b34f7c, name='Luna', lang=en
2026-03-06 20:28:24 - serhu_orchestrator.personality.personality_engine - INFO -   → Personality persisted to relational memory
2026-03-06 20:28:24 - serhu_api.dependencies - INFO - ✓ Being created successfully: being_id=aae0867944454a7aad5f4cd0d9b34f7c
2026-03-06 20:28:24 - serhu_api.routes.beings - INFO - ✓ Being created: being_id=aae0867944454a7aad5f4cd0d9b34f7c
2026-03-06 20:28:24 - serhu_api.routes.beings - INFO - 📍 [POST /beings/aae0867944454a7aad5f4cd0d9b34f7c/learn] Fact: The sky is blue...
2026-03-06 20:28:24 - serhu_api.dependencies - INFO - ♻️  Using cached Orchestrator for being_id=aae0867944454a7aad5f4cd0d9b34f7c
2026-03-06 20:28:24 - serhu_api.routes.beings - INFO - ✓ Fact learned
2026-03-06 20:28:24 - serhu_api.app - INFO - 🛑 SerHu API shutting down...
2026-03-06 20:28:24 - serhu_api.dependencies - INFO - 🧹 Clearing orchestrator cache (1 entries)
2026-03-06 20:28:24 - serhu_api.dependencies - INFO - ✓ Cache cleared
2026-03-06 20:28:24 - serhu_api.app - INFO - ✓ Cache cleared
2026-03-06 20:28:24 - serhu_api.dependencies - INFO - 🧹 Clearing orchestrator cache (0 entries)
2026-03-06 20:28:24 - serhu_api.dependencies - INFO - ✓ Cache cleared
2026-03-06 20:28:24 - serhu_api.dependencies - INFO - 🧹 Clearing orchestrator cache (0 entries)
2026-03-06 20:28:24 - serhu_api.dependencies - INFO - ✓ Cache cleared
2026-03-06 20:28:24 - serhu_api.app - INFO - 📝 Creating FastAPI application...
2026-03-06 20:28:24 - serhu_api.app - INFO - 📌 Registering routes...
2026-03-06 20:28:24 - serhu_api.app - INFO - 🔓 CORS origins: ['http://localhost:3000']
2026-03-06 20:28:24 - serhu_api.app - INFO - ✓ FastAPI application created successfully
2026-03-06 20:28:24 - serhu_api.app - INFO - 🚀 SerHu API starting up...
2026-03-06 20:28:24 - serhu_api.routes.beings - INFO - 📍 [POST /beings] Creating Being: name=Luna, language=en
2026-03-06 20:28:24 - serhu_api.dependencies - INFO - 🆕 Creating new Being: name='Luna', language='en'
2026-03-06 20:28:24 - serhu_orchestrator.personality.personality_engine - INFO - ✨ create_being: tabula rasa ~ id=19e0b8988767478e9c74db1fc1433d6c, name='Luna', lang=en
2026-03-06 20:28:24 - serhu_orchestrator.personality.personality_engine - INFO -   → Personality persisted to relational memory
2026-03-06 20:28:24 - serhu_api.dependencies - INFO - ✓ Being created successfully: being_id=19e0b8988767478e9c74db1fc1433d6c
2026-03-06 20:28:24 - serhu_api.routes.beings - INFO - ✓ Being created: being_id=19e0b8988767478e9c74db1fc1433d6c
2026-03-06 20:28:24 - serhu_api.routes.beings - INFO - 📍 [GET /beings/19e0b8988767478e9c74db1fc1433d6c/visual] Computing visual state
2026-03-06 20:28:24 - serhu_api.dependencies - INFO - ♻️  Using cached Orchestrator for being_id=19e0b8988767478e9c74db1fc1433d6c
2026-03-06 20:28:24 - serhu_api.routes.beings - INFO - ✓ Visual state computed: color=HSL(83.8, 0.1%, 1.0%)
2026-03-06 20:28:24 - serhu_api.app - INFO - 🛑 SerHu API shutting down...
2026-03-06 20:28:24 - serhu_api.dependencies - INFO - 🧹 Clearing orchestrator cache (1 entries)
2026-03-06 20:28:24 - serhu_api.dependencies - INFO - ✓ Cache cleared
2026-03-06 20:28:24 - serhu_api.app - INFO - ✓ Cache cleared
2026-03-06 20:28:24 - serhu_api.dependencies - INFO - 🧹 Clearing orchestrator cache (0 entries)
2026-03-06 20:28:24 - serhu_api.dependencies - INFO - ✓ Cache cleared
2026-03-06 20:28:24 - serhu_api.dependencies - INFO - 🧹 Clearing orchestrator cache (0 entries)
2026-03-06 20:28:24 - serhu_api.dependencies - INFO - ✓ Cache cleared
2026-03-06 20:28:24 - serhu_api.app - INFO - 📝 Creating FastAPI application...
2026-03-06 20:28:24 - serhu_api.app - INFO - 📌 Registering routes...
2026-03-06 20:28:24 - serhu_api.app - INFO - 🔓 CORS origins: ['http://localhost:3000']
2026-03-06 20:28:24 - serhu_api.app - INFO - ✓ FastAPI application created successfully
2026-03-06 20:28:24 - serhu_api.app - INFO - 🚀 SerHu API starting up...
2026-03-06 20:28:24 - serhu_api.routes.beings - INFO - 📍 [POST /beings] Creating Being: name=Luna, language=en
2026-03-06 20:28:24 - serhu_api.dependencies - INFO - 🆕 Creating new Being: name='Luna', language='en'
2026-03-06 20:28:24 - serhu_orchestrator.personality.personality_engine - INFO - ✨ create_being: tabula rasa ~ id=69099dd6287d4eb4b93c174728ba0979, name='Luna', lang=en
2026-03-06 20:28:24 - serhu_orchestrator.personality.personality_engine - INFO -   → Personality persisted to relational memory
2026-03-06 20:28:24 - serhu_api.dependencies - INFO - ✓ Being created successfully: being_id=69099dd6287d4eb4b93c174728ba0979
2026-03-06 20:28:24 - serhu_api.routes.beings - INFO - ✓ Being created: being_id=69099dd6287d4eb4b93c174728ba0979
2026-03-06 20:28:24 - serhu_api.routes.beings - INFO - 📍 [GET /beings/69099dd6287d4eb4b93c174728ba0979/visual] Computing visual state
2026-03-06 20:28:24 - serhu_api.dependencies - INFO - ♻️  Using cached Orchestrator for being_id=69099dd6287d4eb4b93c174728ba0979
2026-03-06 20:28:24 - serhu_api.routes.beings - INFO - ✓ Visual state computed: color=HSL(83.8, 0.1%, 1.0%)
2026-03-06 20:28:24 - serhu_api.routes.beings - INFO - 📍 [POST /beings/69099dd6287d4eb4b93c174728ba0979/process] Processing message from user: You are kind...
2026-03-06 20:28:24 - serhu_api.dependencies - INFO - ♻️  Using cached Orchestrator for being_id=69099dd6287d4eb4b93c174728ba0979
2026-03-06 20:28:24 - serhu_orchestrator.memory.memory_manager - INFO - 💬 add_interaction: user='You are kind...'
2026-03-06 20:28:24 - serhu_orchestrator.memory.memory_manager - INFO -   → Retrieved 0 archival results
2026-03-06 20:28:24 - serhu_orchestrator.memory.memory_manager - INFO -   → Retrieved 0 semantic facts
2026-03-06 20:28:24 - serhu_orchestrator.personality.personality_engine - INFO - 📊 update_traits: applying 4 facet deltas
2026-03-06 20:28:24 - serhu_orchestrator.personality.personality_engine - INFO -   → hexaco.forgiveness: 0.50 → 0.55 (delta=+0.050)
2026-03-06 20:28:24 - serhu_orchestrator.personality.personality_engine - INFO -   → hexaco.gentleness: 0.50 → 0.55 (delta=+0.050)
2026-03-06 20:28:24 - serhu_orchestrator.personality.personality_engine - INFO -   → hexaco.flexibility: 0.50 → 0.55 (delta=+0.050)
2026-03-06 20:28:24 - serhu_orchestrator.personality.personality_engine - INFO -   → hexaco.patience: 0.50 → 0.55 (delta=+0.050)
2026-03-06 20:28:24 - serhu_orchestrator.personality.personality_engine - INFO -   ✓ Personality updated (interactions=1)
2026-03-06 20:28:24 - serhu_orchestrator.orchestrator - INFO - ✓ process_message: user=You are kind... → context=1 working, 0 archival
2026-03-06 20:28:24 - serhu_api.routes.beings - INFO - ✓ Message processed: working_memory=1, archival=0, semantic_facts=0
2026-03-06 20:28:24 - serhu_api.routes.beings - INFO - 📍 [GET /beings/69099dd6287d4eb4b93c174728ba0979/visual] Computing visual state
2026-03-06 20:28:24 - serhu_api.dependencies - INFO - ♻️  Using cached Orchestrator for being_id=69099dd6287d4eb4b93c174728ba0979
2026-03-06 20:28:24 - serhu_api.routes.beings - INFO - ✓ Visual state computed: color=HSL(82.1, 0.1%, 1.0%)
2026-03-06 20:28:24 - serhu_api.app - INFO - 🛑 SerHu API shutting down...
2026-03-06 20:28:24 - serhu_api.dependencies - INFO - 🧹 Clearing orchestrator cache (1 entries)
2026-03-06 20:28:24 - serhu_api.dependencies - INFO - ✓ Cache cleared
2026-03-06 20:28:24 - serhu_api.app - INFO - ✓ Cache cleared
2026-03-06 20:28:24 - serhu_api.dependencies - INFO - 🧹 Clearing orchestrator cache (0 entries)
2026-03-06 20:28:24 - serhu_api.dependencies - INFO - ✓ Cache cleared
2026-03-06 20:28:24 - serhu_api.dependencies - INFO - 🧹 Clearing orchestrator cache (0 entries)
2026-03-06 20:28:24 - serhu_api.dependencies - INFO - ✓ Cache cleared
2026-03-06 20:28:24 - serhu_api.app - INFO - 📝 Creating FastAPI application...
2026-03-06 20:28:24 - serhu_api.app - INFO - 📌 Registering routes...
2026-03-06 20:28:24 - serhu_api.app - INFO - 🔓 CORS origins: ['http://localhost:3000']
2026-03-06 20:28:24 - serhu_api.app - INFO - ✓ FastAPI application created successfully
2026-03-06 20:28:24 - serhu_api.app - INFO - 🚀 SerHu API starting up...
2026-03-06 20:28:24 - serhu_api.routes.beings - INFO - 📍 [POST /beings] Creating Being: name=Luna, language=en
2026-03-06 20:28:24 - serhu_api.dependencies - INFO - 🆕 Creating new Being: name='Luna', language='en'
2026-03-06 20:28:24 - serhu_orchestrator.personality.personality_engine - INFO - ✨ create_being: tabula rasa ~ id=f5bd7551831d428f9f5e5166f81e6faf, name='Luna', lang=en
2026-03-06 20:28:24 - serhu_orchestrator.personality.personality_engine - INFO -   → Personality persisted to relational memory
2026-03-06 20:28:24 - serhu_api.dependencies - INFO - ✓ Being created successfully: being_id=f5bd7551831d428f9f5e5166f81e6faf
2026-03-06 20:28:24 - serhu_api.routes.beings - INFO - ✓ Being created: being_id=f5bd7551831d428f9f5e5166f81e6faf
2026-03-06 20:28:24 - serhu_api.routes.beings - INFO - 📍 [POST /beings/f5bd7551831d428f9f5e5166f81e6faf/chat] User message: Hello!...
2026-03-06 20:28:24 - serhu_api.dependencies - INFO - ♻️  Using cached Orchestrator for being_id=f5bd7551831d428f9f5e5166f81e6faf
2026-03-06 20:28:24 - serhu_orchestrator.orchestrator - INFO - 🗨️ chat: processing 'Hello!...'
2026-03-06 20:28:24 - serhu_orchestrator.memory.memory_manager - INFO - 💬 add_interaction: user='Hello!...'
2026-03-06 20:28:24 - serhu_orchestrator.memory.memory_manager - INFO -   → Retrieved 0 archival results
2026-03-06 20:28:24 - serhu_orchestrator.memory.memory_manager - INFO -   → Retrieved 0 semantic facts
2026-03-06 20:28:24 - serhu_orchestrator.orchestrator - INFO -   → Stage=sensorimotor, age=0.0m, max_tokens=15, temp=0.9
2026-03-06 20:28:24 - serhu_orchestrator.orchestrator - INFO -   → Generating response (neural engine)...
2026-03-06 20:28:24 - serhu_orchestrator.sleep.neural_engine - INFO - 🎯 generate_response: max_tokens=15
2026-03-06 20:28:24 - serhu_orchestrator.sleep.neural_engine - INFO -   → Engine untrained, fallback response
2026-03-06 20:28:24 - serhu_orchestrator.memory.memory_manager - INFO - 💬 add_interaction: being='Hello!...'
2026-03-06 20:28:24 - serhu_orchestrator.memory.memory_manager - INFO -   → Retrieved 0 archival results
2026-03-06 20:28:24 - serhu_orchestrator.memory.memory_manager - INFO -   → Retrieved 0 semantic facts
2026-03-06 20:28:24 - serhu_orchestrator.orchestrator - INFO -   → Response: 'Hello!...'
2026-03-06 20:28:24 - serhu_orchestrator.orchestrator - INFO -   → Extracting trait deltas...
2026-03-06 20:28:24 - serhu_orchestrator.orchestrator - INFO - ✓ chat complete: response='Hello!...'
2026-03-06 20:28:24 - serhu_api.routes.beings - INFO - ✓ Response generated: Hello!... (stage=sensorimotor)
2026-03-06 20:28:24 - serhu_api.app - INFO - 🛑 SerHu API shutting down...
2026-03-06 20:28:24 - serhu_api.dependencies - INFO - 🧹 Clearing orchestrator cache (1 entries)
2026-03-06 20:28:24 - serhu_api.dependencies - INFO - ✓ Cache cleared
2026-03-06 20:28:24 - serhu_api.app - INFO - ✓ Cache cleared
2026-03-06 20:28:24 - serhu_api.dependencies - INFO - 🧹 Clearing orchestrator cache (0 entries)
2026-03-06 20:28:24 - serhu_api.dependencies - INFO - ✓ Cache cleared
